\BOOKMARK [1][-]{section.1}{Introduction}{}% 1
\BOOKMARK [1][-]{section.2}{Background}{}% 2
\BOOKMARK [2][-]{subsection.2.1}{Automatic seismic phase picking}{section.2}% 3
\BOOKMARK [2][-]{subsection.2.2}{Deep learning for seismic waveforms}{section.2}% 4
\BOOKMARK [2][-]{subsection.2.3}{Physics motivation}{section.2}% 5
\BOOKMARK [1][-]{section.3}{Data}{}% 6
\BOOKMARK [2][-]{subsection.3.1}{Data source}{section.3}% 7
\BOOKMARK [2][-]{subsection.3.2}{Preprocessing}{section.3}% 8
\BOOKMARK [2][-]{subsection.3.3}{Label construction}{section.3}% 9
\BOOKMARK [1][-]{section.4}{Methods}{}% 10
\BOOKMARK [2][-]{subsection.4.1}{Architecture}{section.4}% 11
\BOOKMARK [2][-]{subsection.4.2}{Training}{section.4}% 12
\BOOKMARK [2][-]{subsection.4.3}{Inference}{section.4}% 13
\BOOKMARK [2][-]{subsection.4.4}{Evaluation}{section.4}% 14
\BOOKMARK [1][-]{section.5}{Results}{}% 15
\BOOKMARK [2][-]{subsection.5.1}{January 2021}{section.5}% 16
\BOOKMARK [2][-]{subsection.5.2}{February 2021}{section.5}% 17
\BOOKMARK [2][-]{subsection.5.3}{Qualitative prediction examples}{section.5}% 18
\BOOKMARK [1][-]{section.6}{Discussion}{}% 19
\BOOKMARK [1][-]{section.7}{Limitations and Future Work}{}% 20
\BOOKMARK [1][-]{section.8}{Conclusion}{}% 21
